@00003000: $28 <= 00000000
@00003004: $29 <= 00000000
@00003008: $ 2 <= 00000000
@00003010: $ 2 <= 64af0000
@00003018: $ 9 <= 64af0000
@0000301c: $15 <= 00000000
@00003020: $31 <= 00003028
@00003024: $ 2 <= 0000000c
@0000302c: $ 2 <= 00003034
@00003034: $15 <= 64af0000
@00003034: $15 <= 00000000
@00003038: $ 2 <= 00000000
@00003040: *000008a4 <= 00000000
@00003044: $ 9 <= 70c60000
@00003048: $ 2 <= 8f3a0000
@00003050: $ 9 <= 1e740000
@00003058: $ 9 <= 4e4f0000
@00003060: $ 9 <= 00000000
@00003064: $15 <= 00000000
@00003068: $ 2 <= b8110000
@0000306c: *000008b0 <= 00000000
@00003070: $31 <= 00003078
@00003074: $ 2 <= 0000000c
@0000307c: $ 2 <= 00003084
@00003084: $15 <= 01dd0000
@00003084: $15 <= 01dd0000
@00003088: *000007c4 <= 00003084
@0000308c: *0000029c <= 01dd0000
@00003090: $ 2 <= b97e0000
@00003094: $31 <= 0000309c
@00003098: $ 9 <= 0000000c
@000030a0: $ 9 <= 000030a8
@000030a8: $15 <= 00000000
@000030a8: $15 <= 00000000
@000030b0: $ 2 <= 00000000
@000030b8: $15 <= 000059ab
@000030bc: $ 2 <= a49f0000
@000030c0: $ 9 <= a49f59ab
@000030c4: $15 <= 00000000
@000030cc: $ 9 <= 00000000
@000030d4: *00000cf8 <= a49f0000
@000030dc: $ 9 <= 0000a27e
@000030e0: $15 <= 5b610000
@000030e4: $15 <= 00000000
@000030ec: $ 9 <= 0000a27e
@000030f0: $ 9 <= a49f0000
@000030f4: $ 9 <= a49f8b54
@000030f8: *0000032c <= a49f8b54
@00003100: $ 9 <= 2a0b0000
@00003108: $ 9 <= a49fe677
@0000310c: *00000de8 <= a49fe677
@00003110: $ 9 <= 00000000
@00003118: $ 2 <= 00000000
@00003120: $15 <= 00000000
@00003128: $ 2 <= 7d0c0000
@00003130: $ 2 <= fa180000
@00003134: $ 9 <= 49af0000
@00003138: $15 <= 49af784c
@0000313c: $15 <= 511d0000
@00003144: $15 <= 9acc0000
@0000314c: $15 <= dc120000
@00003150: $31 <= 00003158
@00003154: $ 9 <= 0000000c
@0000315c: $ 9 <= 00003164
@00003164: $15 <= 0000776e
@00003164: $15 <= 0000776e
@00003168: $ 2 <= 00000000
@0000316c: *000001a4 <= 00000000
@00003174: $ 2 <= 00000000
@0000317c: *000009a0 <= 00000000
@00003180: $ 9 <= 0000460a
@00003184: $ 9 <= 0000460a
@00003188: $15 <= 0000f2a4
@0000318c: $ 2 <= 0000febd
@00003194: $ 2 <= 3dc50000
@0000319c: *0000018c <= 0000460a
@000031a0: $ 2 <= 00007f6a
@000031a4: $31 <= 000031ac
@000031a8: $ 2 <= 0000000c
@000031b0: $ 2 <= 000031b8
@000031b8: *00000364 <= 0000f2a4
@000031b8: *00000364 <= 0000f2a4
@000031bc: $15 <= ffffebae
@000031c4: $15 <= ffffb9f6
@000031cc: $ 2 <= 00000000
@000031d0: $15 <= 00000000
@000031d4: $ 9 <= 0000460a
@000031d8: *00000598 <= 00000000
@000031dc: $15 <= 00000000
@000031e4: $ 2 <= 9b7c0000
@000031ec: $15 <= 00008c14
@000031f0: *00000918 <= 9b7c0000
@000031f4: $15 <= 00004fbf
@000031fc: $15 <= 9f2f0000
@00003204: $ 9 <= 19290000
@00003208: *000003ac <= 19290000
@0000320c: $ 2 <= 184e0000
@00003210: $31 <= 00003218
@00003214: $ 2 <= 0000000c
@0000321c: $ 2 <= 00003224
@00003224: $ 9 <= 5b260000
@00003224: $ 9 <= 5b260000
@0000322c: $ 9 <= 00003f65
@00003234: $ 9 <= 00000000
@0000323c: *00000b80 <= 00003224
@00003244: $ 9 <= 60d13224
@00003248: $ 2 <= 9f2f3224
@00003250: $ 2 <= 9f2f7e2e
@00003258: $ 9 <= c1a26448
@0000325c: $ 2 <= ffff81d2
@00003260: $ 9 <= ffff03a4
@00003264: $15 <= a7540000
@00003268: $ 9 <= a754dbf3
@00003270: $15 <= 0000dbf3
@00003278: $15 <= a755b7e6
@0000327c: $31 <= 00003284
@00003280: $15 <= 0000000c
@00003288: $15 <= 00003290
@00003290: $15 <= 28120000
@00003290: $15 <= 28120000
@00003298: $ 2 <= 281181d2
@000032a0: $15 <= cf665dc5
@000032a4: $ 9 <= 00000000
@000032a8: $15 <= cf665fed
@000032ac: $ 9 <= f777e1bf
@000032b0: *000007cc <= cf665fed
@000032b4: *000000b4 <= 281181d2
@000032b8: $15 <= f777e1bf
@000032bc: $15 <= f777f3bf
@000032c4: $ 9 <= f777f3ff
@000032cc: $ 9 <= 00000000
@000032d4: $ 2 <= 00000000
@000032dc: $ 9 <= 00000000
@000032e0: $31 <= 000032e8
@000032e4: $15 <= 0000000c
@000032ec: $15 <= 000032f4
@000032f4: *000000b0 <= 00000000
@000032f4: *000000b0 <= 00000000
@000032f8: $31 <= 00003300
@000032fc: $15 <= 0000000c
@00003304: $15 <= 0000330c
@0000330c: $ 2 <= 00007987
@0000330c: $ 2 <= 00007987
@00003310: $31 <= 00003318
@00003314: $ 2 <= 0000000c
@0000331c: $ 2 <= 00003324
@00003324: *000005bc <= 00000000
@00003324: *000005bc <= 00000000
@0000332c: $ 2 <= 00006630
@00003334: $ 2 <= 28a60000
@0000333c: $ 9 <= 514c0000
@00003344: $ 9 <= 00000000
@00003348: $31 <= 00003350
@0000334c: $ 9 <= 0000000c
@00003354: $ 9 <= 0000335c
@0000335c: $ 2 <= 00000000
@0000335c: $ 2 <= 00000000
@00003364: $ 2 <= 00003b2d
@0000336c: $ 9 <= 79a10000
@00003370: $ 9 <= 00006e39
@00003378: $15 <= 00003b2d
@00003380: *000007dc <= 00003b2d
@00003384: $ 9 <= 00000000
@00003388: $ 2 <= f8b40000
@0000338c: *00000cc0 <= 00000000
@00003390: $ 9 <= 00003b7d
@00003394: $ 2 <= 0000ffef
@00003398: $15 <= 00013b1c
@000033a0: $ 2 <= 00013b6c
@000033a8: $15 <= 00027688
@000033ac: $ 9 <= 0000bf7d
@000033b0: $ 9 <= 00013b1c
@000033b4: $ 2 <= 00000000
@000033b8: $15 <= 00027688
@000033bc: *00000b38 <= 00013b1c
@000033c0: $ 9 <= 00005334
@000033c4: $ 2 <= 00027688
@000033c8: *000007c4 <= 00027688
@000033d0: $ 2 <= 0004ed10
@000033d8: $ 2 <= 00000000
@000033e0: $15 <= 0002c9bc
@000033e8: *000003e0 <= 00000000
@000033ec: $ 2 <= 00000000
@000033f0: $ 9 <= 00005334
@000033f4: $ 2 <= 5d5f0000
@000033fc: $15 <= 5d61c9bc
@00003404: *00000924 <= 5d5f0000
@0000340c: $ 2 <= 76350000
@00003410: *00000168 <= 76350000
@00003414: $15 <= 5d621cf0
@00003418: $ 2 <= 76355334
@0000341c: $15 <= 00000000
@00003420: $31 <= 00003428
@00003424: $ 2 <= 0000000c
@0000342c: $ 2 <= 00003434
@00003434: $ 9 <= ffffaccc
@00003434: $ 9 <= 00005334
@00003438: $ 9 <= 000077fc
@00003440: $ 9 <= 00007436
@00003444: $15 <= ffffbffe
@00003448: $ 9 <= 00006868
@0000344c: $31 <= 00003454
@00003450: $ 2 <= 0000000c
@00003458: $ 2 <= 00003460
@00003460: $ 9 <= 00002866
@00003460: $ 9 <= ffffe864
@00003464: $31 <= 0000346c
@00003468: $15 <= 0000000c
@00003470: $15 <= 00003478
@00003478: $ 2 <= 00000000
@00003478: $ 2 <= 00000000
@0000347c: $ 2 <= 00000000
@00003480: $ 9 <= 4b210000
@00003484: *00000c14 <= 00000000
@0000348c: $15 <= 0000d833
@00003490: $ 9 <= 4b210000
@00003494: $ 9 <= 00000000
@00003498: $ 9 <= 00000000
@0000349c: $ 9 <= 00000000
@000034a0: $31 <= 000034a8
@000034a4: $15 <= 0000000c
@000034ac: $15 <= 000034b4
@000034b4: *00000eb8 <= 000034b4
@000034b4: *00000eb8 <= 000034b4
@000034b8: $31 <= 000034c0
@000034bc: $15 <= 0000000c
@000034c4: $15 <= 000034cc
@000034cc: $ 9 <= af850000
@000034cc: $ 9 <= af850000
@000034d0: $31 <= 000034d8
@000034d4: $15 <= 0000000c
@000034dc: $15 <= 000034e4
@000034e4: $ 2 <= 00000000
@000034e4: $ 2 <= 00000000
@000034ec: $15 <= 73470000
@000034f4: $ 2 <= e68e0000
@000034f8: *000007d0 <= e68e0000
@000034fc: $15 <= 00000000
@00003500: $31 <= 00003508
@00003504: $ 2 <= 0000000c
@0000350c: $ 2 <= 00003514
@00003514: *000002d8 <= 00000000
@00003514: *000002d8 <= 00000000
@00003518: $ 9 <= ffffcaec
@0000351c: $ 2 <= 0000bdd6
@00003520: $ 9 <= 00017bac
@00003524: $ 9 <= 00000000
@0000352c: $15 <= 0000bdd6
@00003534: $15 <= 66dd0000
@00003538: $15 <= 0000bdd6
@0000353c: $ 9 <= 0000bdd6
@00003540: $ 9 <= 00000000
@00003544: $15 <= 0000065e
@0000354c: $ 2 <= 00000000
@00003554: $15 <= 0000877e
@0000355c: *00000704 <= 00000000
@00003564: $15 <= 00000000
@00003568: $ 2 <= 92f40000
@0000356c: $31 <= 00003574
@00003570: $15 <= 0000000c
@00003578: $15 <= 00003580
@00003580: $ 2 <= 00000000
@00003580: $ 2 <= 00000000
@00003588: $15 <= 00003580
@0000358c: $ 2 <= ffffca80
@00003590: $ 2 <= 00000000
@00003594: $15 <= 0000ad7e
@0000359c: $ 2 <= 813b0000
@000035a4: *00000e88 <= 0000ad7e
@000035a8: $ 9 <= 00000000
@000035b0: $ 2 <= 5b740000
@000035b4: $ 9 <= 00000000
@000035b8: *00000244 <= 00000000
@000035bc: $ 2 <= 5b74ca56
@000035c4: $15 <= 0000bf7f
@000035cc: $15 <= 00000000
@000035d0: $15 <= 5cb70000
@000035d4: *00000118 <= 5cb70000
@000035d8: $15 <= 0000997c
@000035dc: $31 <= 000035e4
@000035e0: $ 2 <= 0000000c
@000035e8: $ 2 <= 000035f0
@000035f0: $ 9 <= 0000638c
@000035f0: $ 9 <= 0000638c
@000035f4: $31 <= 000035fc
@000035f8: $15 <= 0000000c
@00003600: $15 <= 00003608
@00003608: $15 <= 00007e0e
@00003608: $15 <= 00007e0e
@0000360c: *00000a38 <= 000035f0
@00003610: $31 <= 00003618
@00003614: $ 9 <= 0000000c
@0000361c: $ 9 <= 00003624
@00003624: $15 <= 31580000
@00003624: $15 <= 31580000
@0000362c: *00000ce4 <= 00003624
@00003634: *0000063c <= 00003624
@00003638: $ 9 <= 1c010000
@0000363c: $15 <= 315835f0
@00003644: $15 <= 00000000
@00003648: $15 <= 00000000
@0000364c: $ 9 <= 1c010000
@00003650: $ 9 <= 1c00ca10
@00003654: $31 <= 0000365c
@00003658: $15 <= 0000000c
@00003660: $15 <= 00003668
@00003668: $ 9 <= 1c0093a8
@00003668: $ 9 <= 1c005d40
@0000366c: $15 <= 00000000
@00003670: $ 9 <= 1c007d44
@00003674: $ 2 <= 1c00ffc5
@00003678: $ 2 <= 00000000
@0000367c: $31 <= 00003684
@00003680: $ 2 <= 0000000c
@00003688: $ 2 <= 00003690
@00003690: *00000dac <= 00003690
@00003690: *00000dac <= 00003690
@00003694: *00000898 <= 1c007d44
@0000369c: $ 9 <= 0000fe9b
@000036a4: $15 <= 0001fd36
@000036a8: $ 2 <= 0001352b
@000036ac: $15 <= 0001353f
@000036b4: $ 9 <= 0000febf
@000036bc: $ 2 <= 00000000
@000036c0: $ 2 <= 00000000
@000036c8: $ 2 <= 0000d692
@000036d0: $ 9 <= 0000ffff
@000036d8: $ 2 <= c0340000
@000036e0: $15 <= e46a0000
@000036e4: *00000590 <= e46a0000
@000036e8: $ 9 <= c8d40000
@000036ec: $ 2 <= 1b960000
@000036f0: $ 2 <= 00000000
@000036f4: $ 2 <= 1b960000
@000036f8: $ 2 <= 00000000
@00003700: $ 9 <= 00000000
@00003708: *00000f48 <= 00000000
@0000370c: $ 9 <= 51730000
@00003710: $ 2 <= 5173b73d
@00003714: $15 <= 00000000
@0000371c: $15 <= 5173f7ff
@00003720: $ 9 <= a2e6b73d
@00003724: $15 <= 00000000
@00003728: *00000464 <= 00000000
@0000372c: $ 2 <= ae8d0000
@00003730: $15 <= ae8d0000
@00003734: $31 <= 0000373c
@00003738: $ 2 <= 0000000c
@00003740: $ 2 <= 00003748
@00003748: $ 2 <= 00003fdd
@00003748: $ 2 <= 00003fdd
@0000374c: $15 <= ae8d1b11
@00003754: $ 2 <= ae8d7f3b
@00003758: $ 9 <= 5173d24e
@0000375c: *00000c34 <= 5173d24e
@00003764: $ 2 <= f8780000
@00003768: $ 2 <= 0000ed5f
@0000376c: $15 <= 00000000
@00003770: $15 <= 00000000
@00003778: $ 2 <= 0000f57b
@00003780: $15 <= 23130000
@00003784: $15 <= 3bcf0000
@00003788: *000005b8 <= 5173d24e
@00003790: $ 2 <= 5174c7c9
@00003798: $15 <= a2e98f92
@0000379c: $15 <= 47310000
@000037a0: *00000bfc <= 47310000
@000037a8: $ 2 <= a8fb0000
@000037ac: $ 9 <= 9e360000
@000037b0: $15 <= 20690000
@000037b4: *00000944 <= a8fb0000
@000037b8: $ 2 <= 20693d81
@000037bc: $ 2 <= 00000000
@000037c0: $ 9 <= b3dc0000
@000037c8: $ 9 <= 482d0000
@000037d0: $15 <= 00000000
@000037d4: $ 2 <= 00000000
@000037d8: $ 2 <= ef5b0000
@000037dc: $ 9 <= 482d0000
@000037e0: $ 2 <= 31970000
@000037e4: $15 <= 31970000
@000037e8: $ 2 <= 632e0000
@000037ec: $ 9 <= 2e7e0000
@000037f4: *00000f48 <= 2e7e0000
@000037fc: $ 9 <= 34b00000
@00003804: $15 <= 2e7e0000
@0000380c: *00000580 <= 2e7e0000
@00003814: $ 2 <= c65c0000
@00003818: $ 2 <= 00000000
@0000381c: *00000e44 <= 00000000
@00003820: $15 <= 00000000
@00003824: *00000f90 <= 34b00000
@00003828: $ 9 <= 00000000
@0000382c: *000007cc <= 00000000
@00003830: *0000086c <= 00000000
@00003834: $ 9 <= 0000260e
@00003838: *00000cf4 <= 0000260e
@00003840: $ 2 <= 0000260e
@00003848: $ 2 <= 00000000
@0000384c: $ 2 <= 00008853
@00003850: $31 <= 00003858
@00003854: $ 2 <= 0000000c
@0000385c: $ 2 <= 00003864
@00003864: $ 9 <= 00003faf
@00003864: $ 9 <= 00003faf
@00003868: $ 9 <= ffffc051
@0000386c: $15 <= 902c0000
@00003874: $ 9 <= 902c3faf
@0000387c: $ 9 <= 902c7813
@00003880: $ 9 <= 902cb2ab
@00003884: *00000e74 <= 902cb2ab
@00003888: $15 <= e6540000
@00003890: $15 <= 902ceb0f
@00003898: $ 2 <= 00000000
@0000389c: $ 9 <= 902ceb0f
@000038a0: $ 2 <= 00000000
@000038a8: $ 9 <= 00000000
@000038b0: $15 <= 902cffff
@000038b4: $31 <= 000038bc
@000038b8: $15 <= 0000000c
@000038c0: $15 <= 000038c8
@000038c8: $ 9 <= 00000000
@000038c8: $ 9 <= 00000000
@000038cc: $ 2 <= 000038c8
@000038d4: $15 <= 00007190
@000038dc: $15 <= 00000000
@000038e0: $ 2 <= 00000000
@000038e8: $15 <= b2b70000
@000038f0: $ 9 <= 4d490000
@000038f8: $15 <= b2b73b77
@00003900: $ 2 <= 00000000
@00003908: $ 2 <= 4d48c489
@00003910: $ 2 <= 4d48f6e9
@00003918: $ 9 <= fffff6e9
@00003920: $ 9 <= 00000000
@00003924: *00000398 <= b2b73b77
@00003928: $15 <= 4d48c489
@0000392c: $ 9 <= 66c60000
@00003930: $15 <= 00000000
@00003934: $15 <= b2b70917
@00003938: $15 <= 01440000
@00003940: *00000350 <= 01440000
@00003948: *000006d4 <= 01440000
@0000394c: $ 9 <= 00000000
@00003954: $15 <= 4d48f6e9
@0000395c: *00000af0 <= 00000000
@00003960: $ 2 <= 4d48f6e9
@00003964: $15 <= af890000
@00003968: $15 <= 6ef40000
@0000396c: *0000068c <= 6ef40000
@00003970: $ 9 <= 00000000
@00003974: $ 2 <= 00000000
@00003978: $15 <= 00000000
@00003980: $ 2 <= 6c1a0000
@00003988: *00000f50 <= 00000000
@0000398c: $31 <= 00003994
@00003990: $ 9 <= 0000000c
@00003998: $ 9 <= 000039a0
@000039a0: $ 9 <= 00000000
@000039a0: $ 9 <= 00000000
@000039a4: $ 2 <= 6c1a0000
@000039ac: $ 9 <= 00000000
@000039b4: $ 2 <= 00000000
@000039b8: $15 <= 00000000
@000039bc: $ 9 <= 00000000
@000039c0: $ 9 <= 00008022
@000039c4: $ 2 <= e5100000
@000039c8: $15 <= 000035f0
@000039cc: *00000bcc <= 00008022
@000039d0: $15 <= e50fca10
@000039d4: $15 <= e5104a32
@000039d8: $ 2 <= e5108022
@000039dc: $ 2 <= 1af00000
@000039e0: $15 <= e5108022
@000039e4: $ 2 <= 1af08022
@000039e8: $15 <= e510ba73
@000039f0: $ 9 <= 00000000
@000039f8: $ 2 <= 35e10044
@000039fc: $ 2 <= 00000000
@00003a00: $15 <= e510ba73
@00003a04: $ 9 <= 00000000
@00003a0c: $ 2 <= 00000000
@00003a14: $15 <= 80600000
@00003a18: $15 <= 57cf0000
@00003a20: $15 <= 00000000
@00003a28: $ 2 <= 00000000
@00003a2c: $ 9 <= dab20000
@00003a30: $ 2 <= dab2cf1a
@00003a34: $31 <= 00003a3c
@00003a38: $ 9 <= 0000000c
@00003a40: $ 9 <= 00003a48
@00003a48: $ 2 <= 00003cc9
@00003a48: $ 2 <= 00003cc9
@00003a4c: $15 <= 01dd0000
@00003a50: $ 9 <= fe233a48
@00003a58: $ 2 <= fe23bb6b
@00003a60: $15 <= fe23bf6b
@00003a64: $ 9 <= 00000000
@00003a6c: *000002a8 <= fe23bb6b
@00003a74: $15 <= 0000e544
@00003a78: $ 2 <= 0000e544
@00003a80: $ 2 <= 00004853
@00003a88: $15 <= 4f420000
@00003a90: $15 <= 00004873
@00003a94: $15 <= 00004853
@00003a98: $ 9 <= 0000d8f7
@00003aa0: *00000734 <= 00004853
@00003aa8: $ 9 <= 0001214a
@00003aac: $ 2 <= 0001699d
@00003ab4: $ 9 <= 00028ae7
@00003abc: $ 9 <= 0002bfef
@00003ac0: $15 <= 0001b1f0
@00003ac4: $31 <= 00003acc
@00003ac8: $ 9 <= 0000000c
@00003ad0: $ 9 <= 00003ad8
@00003ad8: *00000db8 <= 0001699d
@00003ad8: *00000db8 <= 0001699d
@00003adc: $ 9 <= 00000000
@00003ae0: $15 <= 63cd0000
@00003ae4: $ 9 <= 00016bdd
@00003ae8: *00000028 <= 00016bdd
@00003aec: $31 <= 00003af4
@00003af0: $ 2 <= 0000000c
@00003af8: $ 2 <= 00003b00
@00003b00: $ 9 <= 9c333b00
@00003b00: $ 9 <= 9c333b00
@00003b04: $31 <= 00003b0c
@00003b08: $ 2 <= 0000000c
@00003b10: $ 2 <= 00003b18
@00003b18: $ 9 <= 9c333b0f
@00003b18: $ 9 <= 9c333b0f
@00003b1c: $ 2 <= 63cd3b18
@00003b20: $ 2 <= 00000000
@00003b24: $ 9 <= 00000000
@00003b2c: $ 2 <= 00000000
@00003b34: $ 9 <= 914a0000
@00003b38: $ 9 <= 914a6ce6
@00003b3c: $ 2 <= 00000000
@00003b44: $15 <= 914a6ce6
@00003b48: $15 <= 914a7def
@00003b4c: $ 9 <= a6000000
@00003b54: $15 <= 00003ad5
@00003b58: $15 <= 36f50000
@00003b5c: $15 <= dcf50000
@00003b64: $ 2 <= 00000000
@00003b6c: $15 <= 00000000
@00003b70: $ 2 <= 3f5d0000
@00003b78: $ 2 <= 5a000000
@00003b80: $ 9 <= 5a00b431
@00003b88: $ 2 <= 00000000
@00003b8c: $ 9 <= 00000000
@00003b90: $ 9 <= 00006edc
@00003b94: $31 <= 00003b9c
@00003b98: $ 9 <= 0000000c
@00003ba0: $ 9 <= 00003ba8
@00003ba8: $ 9 <= f22f0000
@00003ba8: $ 9 <= f22f0000

