@00003000: $28 <= 00000000
@00003004: $29 <= 00000000
@00003008: $27 <= 00000000
@0000300c: $ 9 <= 21760000
@00003010: $31 <= 00003018
@00003014: $ 4 <= 0000000c
@0000301c: $ 4 <= 00003024
@00003024: $ 4 <= 00000000
@00003024: $ 4 <= 00000000
@00003028: $31 <= 00003030
@0000302c: $ 4 <= 0000000c
@00003034: $ 4 <= 0000303c
@0000303c: *00000954 <= 21760000
@0000303c: *00000954 <= 21760000
@00003040: $ 9 <= d6230000
@00003044: $ 9 <= 00000000
@00003048: $27 <= 0000303c
@0000304c: $ 9 <= 00000000
@00003050: $27 <= 0000bf7d
@00003054: $27 <= 0000ffff
@00003058: $ 4 <= 0000303c
@0000305c: $ 4 <= ddc60000
@00003060: $27 <= ddc60000
@00003068: $ 4 <= ddc6a2d1
@00003070: $ 9 <= 00000000
@00003078: $ 4 <= ddc6f3d7
@0000307c: $ 9 <= 22390c29
@00003080: $ 9 <= 00000000
@00003084: $ 4 <= ddc6ffff
@00003088: $ 9 <= bb8c0000
@00003090: $27 <= 77180000
@00003098: $27 <= 77180000
@000030a0: *0000011c <= bb8c0000
@000030a4: $ 4 <= ddc6ffff
@000030a8: $ 4 <= ddc6ffff
@000030b0: $ 4 <= 77186112
@000030b8: *00000118 <= 77180000
@000030bc: $31 <= 000030c4
@000030c0: $27 <= 0000000c
@000030c8: $27 <= 000030d0
@000030d0: $27 <= 771891e2
@000030d0: $27 <= ee30f2f4
@000030d8: $27 <= 00000000
@000030dc: $ 4 <= 00000000
@000030e0: $27 <= 00000000
@000030e4: $27 <= b0440000
@000030e8: $27 <= 00000000
@000030ec: $ 4 <= 9a890000
@000030f4: $ 4 <= bb8c49a9
@000030fc: $ 4 <= ca680000
@00003104: $27 <= 0edc0000
@0000310c: $ 9 <= 00000000
@00003110: $27 <= f1240000
@00003114: $31 <= 0000311c
@00003118: $ 9 <= 0000000c
@00003120: $ 9 <= 00003128
@00003128: *00000094 <= 00003128
@00003128: *00000094 <= 00003128
@00003130: $ 9 <= f1243128
@00003138: $ 4 <= ca682960
@00003140: $27 <= 00000000
@00003148: $27 <= 0000b196
@0000314c: $31 <= 00003154
@00003150: $ 9 <= 0000000c
@00003158: $ 9 <= 00003160
@00003160: *00000f6c <= 0000b196
@00003160: *00000f6c <= 0000b196
@00003164: $ 9 <= bc4c0000
@00003168: $ 4 <= bc4cdfea
@0000316c: $ 9 <= 0000fd96
@00003174: $ 9 <= 46f10000
@00003178: *00000048 <= bc4cdfea
@0000317c: $27 <= 00000000
@00003180: $27 <= 43b32016
@00003184: $31 <= 0000318c
@00003188: $ 4 <= 0000000c
@00003190: $ 4 <= 00003198
@00003198: $27 <= 00000000
@00003198: $27 <= 00000000
@0000319c: *000000f4 <= 00000000
@000031a0: $ 4 <= 0000fbb8
@000031a8: $ 9 <= ffff0448
@000031b0: $ 9 <= fffe0890
@000031b4: $ 4 <= 00000000
@000031bc: $ 9 <= 00000000
@000031c4: *00000348 <= 00000000
@000031cc: $ 9 <= 00000000
@000031d4: *000004f8 <= 00000000
@000031dc: $ 9 <= 00000000
@000031e4: *00000fbc <= 00000000
@000031ec: $27 <= 00007da8
@000031f4: $ 4 <= f0bc0000
@000031f8: $31 <= 00003200
@000031fc: $ 4 <= 0000000c
@00003204: $ 4 <= 0000320c
@0000320c: $ 9 <= 00000000
@0000320c: $ 9 <= 00000000
@00003210: $27 <= ca520000
@00003214: $27 <= ca520000
@0000321c: $27 <= 00000000
@00003224: $ 4 <= 00000000
@00003228: $31 <= 00003230
@0000322c: $ 9 <= 0000000c
@00003234: $ 9 <= 0000323c
@0000323c: $ 4 <= 00003abe
@0000323c: $ 4 <= 00003abe
@00003244: $ 4 <= 000004f9
@0000324c: $ 9 <= 0000323c
@00003250: $27 <= 00002d43
@00003254: $ 9 <= 00000000
@0000325c: $ 4 <= 00000000
@00003260: $ 9 <= 00000000
@00003264: $ 9 <= 00002d43
@0000326c: $ 4 <= 00000000
@00003274: $ 9 <= 00000000
@0000327c: *0000088c <= 00000000
@00003284: $27 <= 00006d6d
@00003288: $ 9 <= 00006d6d
@00003290: $ 4 <= 6dee0000
@00003298: *00000044 <= 00006d6d
@0000329c: $ 9 <= 6ded9293
@000032a0: $ 9 <= 6ded2526
@000032a4: $27 <= 00000000
@000032a8: $27 <= 900d0000
@000032ac: $ 9 <= 6ded65ae
@000032b0: *00000750 <= 6ded65ae
@000032b4: $ 9 <= fdfb0000
@000032b8: $31 <= 000032c0
@000032bc: $ 4 <= 0000000c
@000032c4: $ 4 <= 000032cc
@000032cc: $ 4 <= 6dee0000
@000032cc: $ 4 <= 6dee0000
@000032d0: $ 9 <= 00000000
@000032d8: *00000340 <= 00000000
@000032e0: $ 9 <= 900d0000
@000032e4: *0000030c <= 900d0000
@000032e8: $ 9 <= d5bf0000
@000032f0: $27 <= 00000000
@000032f8: *0000053c <= 6dee0000
@00003300: $27 <= d5bf0000
@00003308: $ 4 <= d5bf9f95
@0000330c: $31 <= 00003314
@00003310: $27 <= 0000000c
@00003318: $27 <= 00003320
@00003320: $ 4 <= 00000000
@00003320: $ 4 <= 00000000
@00003328: $ 9 <= 00000000
@0000332c: $ 9 <= 0000404e
@00003330: $ 9 <= 000077a4
@00003334: $ 9 <= 934e0000
@00003338: $27 <= 00000000
@0000333c: $ 9 <= 6cb20000
@00003340: $ 4 <= c8930000
@00003344: $ 4 <= 00000000
@0000334c: $ 9 <= fbd40000
@00003354: *000000d4 <= 00000000
@00003358: $ 4 <= 00000000
@0000335c: $ 4 <= 07580000
@00003360: $ 4 <= 00004aed
@00003368: $ 9 <= 00004aed
@00003370: $ 9 <= 0000675b
@00003374: $ 9 <= fcb30000
@00003378: $27 <= 00000000
@0000337c: $27 <= f6810000
@00003380: $27 <= 00004aff
@00003384: $27 <= fcb2b513
@00003388: $27 <= fcb3f1bb
@0000338c: $31 <= 00003394
@00003390: $ 9 <= 0000000c
@00003398: $ 9 <= 000033a0
@000033a0: $ 9 <= 00000000
@000033a0: $ 9 <= 00000000
@000033a8: $ 9 <= 00000000
@000033ac: $27 <= 00000000
@000033b0: $ 4 <= 00000000
@000033b4: $ 9 <= 00002cb0
@000033b8: $ 9 <= 0000948b
@000033bc: $27 <= 0000d335
@000033c4: $27 <= 00000000
@000033cc: $27 <= 2fcc0000
@000033d0: $ 9 <= 2fccc53e
@000033d4: $27 <= bfe80000
@000033d8: *00000f00 <= 2fccc53e
@000033dc: $27 <= 70080000
@000033e0: $ 4 <= 00000000
@000033e4: $27 <= 5c580000
@000033e8: $27 <= 5c58333d
@000033ec: $ 4 <= 9c4a0000
@000033f0: $27 <= 37c80000
@000033f4: $31 <= 000033fc
@000033f8: $27 <= 0000000c
@00003400: $27 <= 00003408
@00003408: $ 9 <= 5f998a7c
@00003408: $ 9 <= bf3314f8
@0000340c: $ 4 <= bf32e0f0
@00003410: $ 9 <= b9f10000
@00003414: $ 9 <= bf32ace8
@00003418: $ 4 <= 29940000
@00003420: *00000594 <= 00003408
@00003424: $27 <= bf32edfa
@00003428: $ 4 <= 29942256
@0000342c: *00000ad0 <= bf32ace8
@00003430: $ 9 <= 7e6559d0
@00003434: $ 9 <= 959ecba4
@00003438: *00000064 <= 959ecba4
@0000343c: $ 9 <= 2994eaf6
@00003440: $ 9 <= 00000000
@00003444: *00000c84 <= 29942256
@00003448: $ 9 <= 0000fe89
@0000344c: $31 <= 00003454
@00003450: $27 <= 0000000c
@00003458: $27 <= 00003460
@00003460: $27 <= 6acc0000
@00003460: $27 <= 6acc0000
@00003468: *00000c70 <= 29942256
@00003470: *00000528 <= 29942256
@00003474: $ 4 <= 67480000
@00003478: $ 9 <= 9d750000
@0000347c: *00000a30 <= 9d750000
@00003480: $27 <= c2160000
@00003484: *00000630 <= c2160000
@00003488: $ 9 <= 9d751d62
@0000348c: $ 9 <= 7dd90000
@00003490: $31 <= 00003498
@00003494: $27 <= 0000000c
@0000349c: $27 <= 000034a4
@000034a4: $ 4 <= 00000000
@000034a4: $ 4 <= 00000000
@000034a8: $ 9 <= 7dd934a4
@000034b0: $ 9 <= 7dd93fbe
@000034b8: $27 <= 05fc0000
@000034c0: $ 4 <= fa040000
@000034c8: $27 <= 6f660000
@000034cc: *00000440 <= fa040000
@000034d0: *00000ec4 <= fa040000
@000034d8: $ 9 <= fa04dcb0
@000034e0: $ 4 <= 6f660c70
@000034e4: $ 4 <= 6f665dfa
@000034e8: *00000fe4 <= fa04dcb0
@000034ec: $27 <= ffffa206
@000034f0: $31 <= 000034f8
@000034f4: $ 9 <= 0000000c
@000034fc: $ 9 <= 00003504
@00003504: $ 9 <= 00000000
@00003504: $ 9 <= 00000000
@00003508: $31 <= 00003510
@0000350c: $ 4 <= 0000000c
@00003514: $ 4 <= 0000351c
@0000351c: $27 <= 62dd0000
@0000351c: $27 <= 62dd0000
@00003520: $ 4 <= 0000351c
@00003528: $27 <= c2160000
@00003530: $27 <= 00000000
@00003534: $ 4 <= 00000000
@00003538: $ 4 <= caf70000
@0000353c: $27 <= 00000000
@00003540: $ 4 <= 67f10000
@00003544: $ 4 <= 93690000
@00003548: $ 4 <= 9369dd14
@0000354c: $31 <= 00003554
@00003550: $27 <= 0000000c
@00003558: $27 <= 00003560
@00003560: $ 9 <= 00000000
@00003560: $ 9 <= 00000000
@00003564: $27 <= 00000000
@00003568: $ 9 <= 9369dd14
@00003570: $ 4 <= 15d80000
@00003578: *000006e8 <= 15d80000
@0000357c: *00000fbc <= 00000000
@00003580: $27 <= 9369df96
@00003584: $31 <= 0000358c
@00003588: $ 9 <= 0000000c
@00003590: $ 9 <= 00003598
@00003598: $ 9 <= 9369ff97
@00003598: $ 9 <= 9369ff97
@000035a0: $ 9 <= 9369ff97
@000035a8: *00000a30 <= 9369df96
@000035ac: $31 <= 000035b4
@000035b0: $ 4 <= 0000000c
@000035b8: $ 4 <= 000035c0
@000035c0: $ 4 <= 26d434ee
@000035c0: $ 4 <= 936a3557
@000035c8: $27 <= 26d3df2d
@000035d0: $27 <= 20f20000
@000035d4: $27 <= 00000000
@000035d8: $27 <= 0000d841
@000035dc: *00000588 <= 0000d841
@000035e0: $ 4 <= 0000f845
@000035e4: $ 9 <= 903e0000
@000035e8: *00000348 <= 0000d841
@000035ec: $27 <= 903ed841
@000035f0: $ 4 <= 248c0000
@000035f8: $ 9 <= 207cd841
@00003600: $27 <= 207cfd73
@00003604: *00000774 <= 207cfd73
@00003608: $ 4 <= 4508d841
@0000360c: $27 <= 6585d5b4
@00003610: *00000e20 <= 4508d841
@00003614: $31 <= 0000361c
@00003618: $ 4 <= 0000000c
@00003620: $ 4 <= 00003628
@00003628: $ 9 <= 207d0e69
@00003628: $ 9 <= 207d4491
@0000362c: $31 <= 00003634
@00003630: $ 4 <= 0000000c
@00003638: $ 4 <= 00003640
@00003640: $ 9 <= 00000000
@00003640: $ 9 <= 00000000
@00003644: $ 4 <= 00000000
@00003648: $27 <= e5d20000
@0000364c: $31 <= 00003654
@00003650: $ 4 <= 0000000c
@00003658: $ 4 <= 00003660
@00003660: $ 9 <= 38310000
@00003660: $ 9 <= 38310000
@00003664: $31 <= 0000366c
@00003668: $ 9 <= 0000000c
@00003670: $ 9 <= 00003678
@00003678: $ 9 <= cba43678
@00003678: $ 9 <= e5d23678
@0000367c: *00000d58 <= cba43678
@00003680: *0000044c <= 00003660
@00003684: $ 4 <= e5d23660
@00003688: *0000065c <= e5d23660
@0000368c: $31 <= 00003694
@00003690: $27 <= 0000000c
@00003698: $27 <= 000036a0
@000036a0: $27 <= 00000000
@000036a0: $27 <= 00000000
@000036a8: $ 9 <= 00005e53
@000036b0: $ 9 <= e5d23660
@000036b4: $27 <= cba46cc0
@000036b8: $ 9 <= e5d23ee0
@000036bc: $31 <= 000036c4
@000036c0: $ 4 <= 0000000c
@000036c8: $ 4 <= 000036d0
@000036d0: *0000023c <= 000036d0
@000036d0: *0000023c <= 000036d0
@000036d4: $31 <= 000036dc
@000036d8: $27 <= 0000000c
@000036e0: $27 <= 000036e8
@000036e8: *00000288 <= e5d23ee0
@000036e8: *00000288 <= e5d23ee0
@000036ec: *00000bec <= 000036d0
@000036f4: $ 9 <= 1a2df7f0
@000036fc: $27 <= 54540000
@00003700: $27 <= 1a2df7f4
@00003708: $ 4 <= 1a2dffff
@00003710: $ 4 <= 00000000
@00003714: $27 <= e5d2080c
@00003718: $27 <= 68220000
@0000371c: *00000918 <= 68220000
@00003720: $ 9 <= 97de0000
@00003724: $27 <= d0440000
@00003728: $ 4 <= 0000d72e
@0000372c: $27 <= 97dd28d2
@00003730: $ 9 <= 97dd68db
@00003734: $31 <= 0000373c
@00003738: $27 <= 0000000c
@00003740: $27 <= 00003748
@00003748: $ 9 <= 13180000
@00003748: $ 9 <= 13180000
@0000374c: $27 <= 00000000
@00003750: $27 <= 131728d2
@00003754: $27 <= 1318d72e
@00003758: *000000b4 <= 0000d72e
@0000375c: $ 4 <= 1318f77f
@00003760: $ 4 <= ffff28d2
@00003764: $ 9 <= 00000000
@00003768: $27 <= ece651a4
@0000376c: $ 4 <= ecba0000
@00003774: $27 <= 00000000
@0000377c: $27 <= fb1c0000
@00003780: *00000614 <= ecba0000
@00003784: *00000504 <= ecba0000
@00003788: $27 <= ecba0000
@0000378c: *000001f4 <= 00000000
@00003790: $27 <= ecba0000
@00003794: $27 <= ca0f0000
@0000379c: *0000009c <= 00000000
@000037a0: $ 4 <= 00000000
@000037a4: $ 9 <= 00000000
@000037ac: $ 9 <= 00000000
@000037b4: $27 <= 00000000
@000037bc: $ 4 <= 00000000
@000037c4: $ 4 <= 0000bb8a
@000037c8: $ 4 <= 0000bb8a
@000037d0: $ 9 <= 0000bb8a
@000037d8: *00000660 <= 0000bb8a
@000037e0: $ 4 <= f7750000
@000037e8: $ 9 <= 0000fbaa
@000037f0: *00000120 <= 00000000
@000037f8: $ 9 <= b13d0000
@000037fc: $27 <= 00000000
@00003804: $ 9 <= 9a860000
@0000380c: $27 <= 00000000
@00003810: $31 <= 00003818
@00003814: $ 9 <= 0000000c
@0000381c: $ 9 <= 00003824
@00003824: $27 <= 00000000
@00003824: $27 <= 00000000
@00003828: $31 <= 00003830
@0000382c: $ 4 <= 0000000c
@00003834: $ 4 <= 0000383c
@0000383c: $27 <= 00000000
@0000383c: $27 <= 00000000
@00003840: *00000fe0 <= 00003824
@00003844: $ 9 <= 00007078
@00003848: $27 <= 00000000
@0000384c: $ 9 <= 00000000
@00003854: $ 4 <= 00001892
@0000385c: $ 9 <= 00000000
@00003864: $27 <= 00000000
@0000386c: *000000ac <= 00000000
@00003870: *00000c18 <= 00000000
@00003878: $ 4 <= 00001892
@00003880: $27 <= ffffe76e
@00003884: $27 <= 00000000
@0000388c: *000005dc <= 00001892
@00003894: $ 9 <= 00001892
@0000389c: *000009d8 <= 00000000
@000038a0: $ 4 <= c3280000
@000038a4: $ 4 <= 00006b63
@000038a8: $ 4 <= 00003bbf
@000038ac: $27 <= 00000000
@000038b4: $ 9 <= 00000000
@000038bc: $ 4 <= 00000000
@000038c0: $27 <= 00000000
@000038c4: $ 4 <= 604c0000
@000038c8: $27 <= 00000000
@000038cc: $27 <= 00003233
@000038d0: *000007c0 <= 00000000
@000038d4: $27 <= 342f0000
@000038d8: $ 9 <= 9fb40000
@000038e0: $ 9 <= 00000000
@000038e4: $27 <= 947b0000
@000038e8: *0000061c <= 947b0000
@000038ec: $ 9 <= 00000000
@000038f0: $27 <= 947b0000
@000038f4: *00000088 <= 00000000
@000038f8: $31 <= 00003900
@000038fc: $ 4 <= 0000000c
@00003904: $ 4 <= 0000390c
@0000390c: $27 <= 6b850000
@0000390c: $27 <= 947b0000
@00003910: $27 <= 00000000
@00003914: $31 <= 0000391c
@00003918: $27 <= 0000000c
@00003920: $27 <= 00003928
@00003928: $ 4 <= 0000390c
@00003928: $ 4 <= 0000390c
@00003930: $ 4 <= ffffffe4
@00003938: *00000ca4 <= 00003928
@00003940: $ 9 <= 00003944
@00003944: $ 4 <= 00003944
@00003948: *00000d08 <= 00003928
@0000394c: $27 <= 00007288
@00003950: $27 <= 0000abcc
@00003958: $ 4 <= 00000000
@0000395c: *00000ab0 <= 0000abcc
@00003960: $ 9 <= 00003944
@00003964: *000003c8 <= 00003944
@00003968: $ 9 <= 00000000
@0000396c: *000003a8 <= 00000000
@00003970: $27 <= 00000000
@00003978: *00000aa0 <= 00000000
@00003980: $27 <= 301d0000
@00003984: $27 <= 7e720000
@00003988: $31 <= 00003990
@0000398c: $ 4 <= 0000000c
@00003994: $ 4 <= 0000399c
@0000399c: *0000038c <= 0000399c
@0000399c: *0000038c <= 0000399c
@000039a0: $ 9 <= 7e729f03
@000039a4: $27 <= 7e72d89f
@000039ac: $27 <= 7e72df5f
@000039b4: $ 4 <= 00000000
@000039bc: $27 <= ad170000
@000039c4: $ 9 <= 00000000
@000039c8: $ 9 <= d87c0000
@000039cc: *0000039c <= 00000000
@000039d0: $27 <= 2b650000
@000039d4: $31 <= 000039dc
@000039d8: $27 <= 0000000c
@000039e0: $27 <= 000039e8
@000039e8: $ 9 <= d87c39e8
@000039e8: $ 9 <= d87c73d0
@000039ec: $27 <= e5fb0000
@000039f0: $31 <= 000039f8
@000039f4: $27 <= 0000000c
@000039fc: $27 <= 00003a04
@00003a04: $27 <= 00000000
@00003a04: $27 <= 00000000
@00003a08: $ 4 <= 197a0000
@00003a0c: $ 4 <= 197a0000
@00003a10: $ 4 <= 00000000
@00003a18: *0000038c <= 00000000
@00003a20: $ 4 <= 00001ffa
@00003a24: $ 4 <= 2783ac2a
@00003a28: $27 <= 00001ffa
@00003a2c: $27 <= b51e0000
@00003a30: *00000278 <= d87c73d0
@00003a34: *00000aa4 <= d87c73d0
@00003a38: $ 4 <= 00000000
@00003a40: $27 <= 8d9a73d0
@00003a48: $ 9 <= 00000000
@00003a4c: $ 9 <= 8d9a73d0
@00003a50: $ 4 <= 8d9af3fb
@00003a54: $ 9 <= 00000000
@00003a5c: $27 <= 8d9af3fb
@00003a64: $27 <= 0000b716
@00003a6c: $ 9 <= a13b0000
@00003a74: $ 9 <= 0000bfde
@00003a78: $ 4 <= 7265cbe3
@00003a80: $27 <= 000176f4
@00003a88: *000007ac <= 7265cbe3
@00003a8c: $27 <= 00000000
@00003a94: $ 9 <= de7b0000
@00003a98: $ 9 <= 50e0cbe3
@00003a9c: $ 9 <= 7265cbe3
@00003aa4: $ 9 <= e4cb97c6
@00003aac: $ 9 <= 7265fffb
@00003ab0: *000002f8 <= 7265fffb
@00003ab4: $ 4 <= 00000000
@00003abc: $ 9 <= 7265fffb
@00003ac4: $27 <= 7265fffb
@00003ac8: $31 <= 00003ad0
@00003acc: $ 9 <= 0000000c
@00003ad4: $ 9 <= 00003adc
@00003adc: $27 <= 00000000
@00003adc: $27 <= 00000000
@00003ae0: *000002f0 <= 00000000
@00003ae4: $ 9 <= 00000000
@00003ae8: $ 9 <= d01a0000
@00003aec: $ 9 <= 00001395
@00003af0: $27 <= 00001395
@00003af4: *00000554 <= 00001395
@00003af8: $ 9 <= 00000000
@00003b00: $27 <= 0000abcc
@00003b08: $27 <= 3c9c0000
@00003b0c: $31 <= 00003b14
@00003b10: $27 <= 0000000c
@00003b18: $27 <= 00003b20
@00003b20: *00000c34 <= 00000000
@00003b20: *00000c34 <= 00000000
@00003b24: $ 9 <= 00001ba2
@00003b28: $27 <= 77180000
@00003b2c: *000002fc <= 00001ba2
@00003b30: $27 <= ee300000
@00003b34: $ 9 <= 11d00000
@00003b3c: $27 <= 00000000
@00003b44: *00000854 <= 00000000
@00003b48: $27 <= faaf0000
@00003b4c: $27 <= b34f0000
@00003b54: *00000fc0 <= 11d00000
@00003b5c: $ 4 <= 8d1c0000
@00003b60: $31 <= 00003b68
@00003b64: $27 <= 0000000c
@00003b6c: $27 <= 00003b74
@00003b74: $ 9 <= 8d1c3b74
@00003b74: $ 9 <= 8d1c3b74
@00003b7c: $ 9 <= 1a3876e8
@00003b84: $ 4 <= 00003b74
@00003b8c: $ 4 <= 1a387ffb
@00003b94: *00000a90 <= 1a387ffb
@00003b98: $27 <= aade0000
@00003ba0: *00000e38 <= 1a3876e8
@00003ba8: $ 9 <= ec600000
@00003bac: *00000fc4 <= ec600000
@00003bb0: $ 4 <= 00000000
@00003bb8: $ 4 <= 00000000
@00003bc0: $ 4 <= ec600000
@00003bc4: *000009f8 <= ec600000
@00003bc8: $ 4 <= 00000000
@00003bcc: $ 4 <= aade7bb2
@00003bd0: $ 4 <= 391a0000
@00003bd8: *00000bf4 <= aade0000
@00003be0: $ 4 <= 00000000
